// Vitest Snapshot v1, https://vitest.dev/guide/snapshot.html

exports[`@component/Input > should match to snapshot 1`] = `
<DocumentFragment>
  <div
    class="sc-gIIpAQ WalyP"
  >
    <label
      for=""
    >
      <p
        class="sc-glJfXD eqNloQ"
      >
        Username
      </p>
    </label>
    <div
      class="sc-kFkjun LjmJv"
    >
      <input />
    </div>
  </div>
</DocumentFragment>
`;
